Opponent: actual Expert+ (ai_choose difficulty=1), unchanged search.
REINFORCE, alternating sides, terminal rewards, cap=1600 plies.
Resume=0 target=100000; session statistics start here.
game 1/100000 | learner blue | ply 20 | elapsed 3s
game 1/100000 | learner blue | ply 40 | elapsed 6s
game 1/100000 | learner blue | ply 60 | elapsed 8s
game 1/100000 | learner blue | ply 80 | elapsed 10s
game 1/100000 | learner blue | ply 100 | elapsed 12s
game 1/100000 | learner blue | ply 120 | elapsed 15s
game 1/100000 | learner blue | ply 140 | elapsed 16s
game 1/100000 | learner blue | ply 160 | elapsed 18s
game 1/100000 | learner blue | ply 180 | elapsed 19s
game 1/100000 | learner blue | ply 200 | elapsed 20s
game 1/100000 | learner blue | ply 220 | elapsed 22s
game 1/100000 | learner blue | ply 240 | elapsed 23s
game 1/100000 | learner blue | ply 260 | elapsed 24s
game 1/100000 | learner blue | ply 280 | elapsed 25s
game 1/100000 | learner blue | ply 300 | elapsed 26s
game 1/100000 | learner blue | ply 320 | elapsed 28s
game 1/100000 | learner blue | ply 340 | elapsed 29s
game 1/100000 | learner blue | ply 360 | elapsed 30s
game 1/100000 | learner blue | ply 380 | elapsed 31s
game 1/100000 | learner blue | ply 400 | elapsed 32s
SAVED 1/100000 | session W=0 L=1 capped=0 | last plies=404 | elapsed 32s
game 2/100000 | learner red | ply 20 | elapsed 35s
game 2/100000 | learner red | ply 40 | elapsed 37s
game 2/100000 | learner red | ply 60 | elapsed 39s
game 2/100000 | learner red | ply 80 | elapsed 40s
game 2/100000 | learner red | ply 100 | elapsed 41s
game 2/100000 | learner red | ply 120 | elapsed 42s
game 2/100000 | learner red | ply 140 | elapsed 44s
game 2/100000 | learner red | ply 160 | elapsed 46s
game 2/100000 | learner red | ply 180 | elapsed 48s
game 2/100000 | learner red | ply 200 | elapsed 50s
game 2/100000 | learner red | ply 220 | elapsed 52s
game 2/100000 | learner red | ply 240 | elapsed 53s
game 2/100000 | learner red | ply 260 | elapsed 54s
game 2/100000 | learner red | ply 280 | elapsed 55s
game 2/100000 | learner red | ply 300 | elapsed 56s
game 2/100000 | learner red | ply 320 | elapsed 57s
SAVED 2/100000 | session W=0 L=2 capped=0 | last plies=337 | elapsed 57s
game 3/100000 | learner blue | ply 20 | elapsed 59s
game 3/100000 | learner blue | ply 40 | elapsed 61s
game 3/100000 | learner blue | ply 60 | elapsed 63s
game 3/100000 | learner blue | ply 80 | elapsed 65s
game 3/100000 | learner blue | ply 100 | elapsed 67s
game 3/100000 | learner blue | ply 120 | elapsed 68s
game 3/100000 | learner blue | ply 140 | elapsed 70s
game 3/100000 | learner blue | ply 160 | elapsed 71s
game 3/100000 | learner blue | ply 180 | elapsed 72s
game 3/100000 | learner blue | ply 200 | elapsed 74s
game 3/100000 | learner blue | ply 220 | elapsed 75s
game 3/100000 | learner blue | ply 240 | elapsed 77s
game 3/100000 | learner blue | ply 260 | elapsed 77s
game 3/100000 | learner blue | ply 280 | elapsed 78s
game 3/100000 | learner blue | ply 300 | elapsed 79s
game 3/100000 | learner blue | ply 320 | elapsed 80s
SAVED 3/100000 | session W=0 L=3 capped=0 | last plies=334 | elapsed 80s
game 4/100000 | learner red | ply 20 | elapsed 83s
game 4/100000 | learner red | ply 40 | elapsed 85s
game 4/100000 | learner red | ply 60 | elapsed 87s
game 4/100000 | learner red | ply 80 | elapsed 88s
game 4/100000 | learner red | ply 100 | elapsed 90s
game 4/100000 | learner red | ply 120 | elapsed 92s
game 4/100000 | learner red | ply 140 | elapsed 93s
game 4/100000 | learner red | ply 160 | elapsed 95s
game 4/100000 | learner red | ply 180 | elapsed 97s
game 4/100000 | learner red | ply 200 | elapsed 98s
game 4/100000 | learner red | ply 220 | elapsed 100s
game 4/100000 | learner red | ply 240 | elapsed 101s
game 4/100000 | learner red | ply 260 | elapsed 102s
game 4/100000 | learner red | ply 280 | elapsed 103s
game 4/100000 | learner red | ply 300 | elapsed 105s
game 4/100000 | learner red | ply 320 | elapsed 105s
SAVED 4/100000 | session W=0 L=4 capped=0 | last plies=325 | elapsed 105s
game 5/100000 | learner blue | ply 20 | elapsed 108s
game 5/100000 | learner blue | ply 40 | elapsed 111s
game 5/100000 | learner blue | ply 60 | elapsed 113s
game 5/100000 | learner blue | ply 80 | elapsed 116s
game 5/100000 | learner blue | ply 100 | elapsed 118s
game 5/100000 | learner blue | ply 120 | elapsed 120s
game 5/100000 | learner blue | ply 140 | elapsed 122s
game 5/100000 | learner blue | ply 160 | elapsed 124s
game 5/100000 | learner blue | ply 180 | elapsed 125s
game 5/100000 | learner blue | ply 200 | elapsed 127s
game 5/100000 | learner blue | ply 220 | elapsed 129s
game 5/100000 | learner blue | ply 240 | elapsed 131s
game 5/100000 | learner blue | ply 260 | elapsed 132s
game 5/100000 | learner blue | ply 280 | elapsed 133s
game 5/100000 | learner blue | ply 300 | elapsed 134s
game 5/100000 | learner blue | ply 320 | elapsed 135s
game 5/100000 | learner blue | ply 340 | elapsed 135s
game 5/100000 | learner blue | ply 360 | elapsed 136s
game 5/100000 | learner blue | ply 380 | elapsed 136s
SAVED 5/100000 | session W=0 L=5 capped=0 | last plies=380 | elapsed 136s
game 6/100000 | learner red | ply 20 | elapsed 139s
game 6/100000 | learner red | ply 40 | elapsed 142s
game 6/100000 | learner red | ply 60 | elapsed 145s
game 6/100000 | learner red | ply 80 | elapsed 148s
game 6/100000 | learner red | ply 100 | elapsed 151s
game 6/100000 | learner red | ply 120 | elapsed 154s
game 6/100000 | learner red | ply 140 | elapsed 155s
game 6/100000 | learner red | ply 160 | elapsed 157s
game 6/100000 | learner red | ply 180 | elapsed 159s
game 6/100000 | learner red | ply 200 | elapsed 160s
game 6/100000 | learner red | ply 220 | elapsed 162s
game 6/100000 | learner red | ply 240 | elapsed 163s
game 6/100000 | learner red | ply 260 | elapsed 164s
game 6/100000 | learner red | ply 280 | elapsed 165s
game 6/100000 | learner red | ply 300 | elapsed 166s
game 6/100000 | learner red | ply 320 | elapsed 167s
game 6/100000 | learner red | ply 340 | elapsed 169s
game 6/100000 | learner red | ply 360 | elapsed 170s
SAVED 6/100000 | session W=0 L=6 capped=0 | last plies=373 | elapsed 170s
game 7/100000 | learner blue | ply 20 | elapsed 173s
game 7/100000 | learner blue | ply 40 | elapsed 174s
game 7/100000 | learner blue | ply 60 | elapsed 176s
game 7/100000 | learner blue | ply 80 | elapsed 178s
game 7/100000 | learner blue | ply 100 | elapsed 180s
game 7/100000 | learner blue | ply 120 | elapsed 181s
game 7/100000 | learner blue | ply 140 | elapsed 183s
game 7/100000 | learner blue | ply 160 | elapsed 185s
game 7/100000 | learner blue | ply 180 | elapsed 187s
game 7/100000 | learner blue | ply 200 | elapsed 189s
game 7/100000 | learner blue | ply 220 | elapsed 191s
game 7/100000 | learner blue | ply 240 | elapsed 193s
game 7/100000 | learner blue | ply 260 | elapsed 195s
game 7/100000 | learner blue | ply 280 | elapsed 196s
game 7/100000 | learner blue | ply 300 | elapsed 197s
game 7/100000 | learner blue | ply 320 | elapsed 198s
game 7/100000 | learner blue | ply 340 | elapsed 199s
game 7/100000 | learner blue | ply 360 | elapsed 200s
game 7/100000 | learner blue | ply 380 | elapsed 201s
game 7/100000 | learner blue | ply 400 | elapsed 202s
game 7/100000 | learner blue | ply 420 | elapsed 202s
game 7/100000 | learner blue | ply 440 | elapsed 203s
SAVED 7/100000 | session W=0 L=7 capped=0 | last plies=450 | elapsed 203s
game 8/100000 | learner red | ply 20 | elapsed 206s
game 8/100000 | learner red | ply 40 | elapsed 208s
game 8/100000 | learner red | ply 60 | elapsed 210s
game 8/100000 | learner red | ply 80 | elapsed 212s
game 8/100000 | learner red | ply 100 | elapsed 214s
game 8/100000 | learner red | ply 120 | elapsed 215s
game 8/100000 | learner red | ply 140 | elapsed 217s
game 8/100000 | learner red | ply 160 | elapsed 218s
game 8/100000 | learner red | ply 180 | elapsed 220s
game 8/100000 | learner red | ply 200 | elapsed 221s
game 8/100000 | learner red | ply 220 | elapsed 222s
game 8/100000 | learner red | ply 240 | elapsed 224s
game 8/100000 | learner red | ply 260 | elapsed 225s
game 8/100000 | learner red | ply 280 | elapsed 226s
game 8/100000 | learner red | ply 300 | elapsed 227s
game 8/100000 | learner red | ply 320 | elapsed 228s
game 8/100000 | learner red | ply 340 | elapsed 229s
game 8/100000 | learner red | ply 360 | elapsed 230s
game 8/100000 | learner red | ply 380 | elapsed 231s
game 8/100000 | learner red | ply 400 | elapsed 231s
game 8/100000 | learner red | ply 420 | elapsed 232s
game 8/100000 | learner red | ply 440 | elapsed 233s
game 8/100000 | learner red | ply 460 | elapsed 233s
game 8/100000 | learner red | ply 480 | elapsed 234s
SAVED 8/100000 | session W=0 L=8 capped=0 | last plies=497 | elapsed 234s
game 9/100000 | learner blue | ply 20 | elapsed 237s
game 9/100000 | learner blue | ply 40 | elapsed 239s
game 9/100000 | learner blue | ply 60 | elapsed 242s
game 9/100000 | learner blue | ply 80 | elapsed 245s
game 9/100000 | learner blue | ply 100 | elapsed 247s
game 9/100000 | learner blue | ply 120 | elapsed 248s
game 9/100000 | learner blue | ply 140 | elapsed 250s
game 9/100000 | learner blue | ply 160 | elapsed 252s
game 9/100000 | learner blue | ply 180 | elapsed 253s
game 9/100000 | learner blue | ply 200 | elapsed 254s
game 9/100000 | learner blue | ply 220 | elapsed 255s
SAVED 9/100000 | session W=0 L=9 capped=0 | last plies=238 | elapsed 256s
game 10/100000 | learner red | ply 20 | elapsed 258s
game 10/100000 | learner red | ply 40 | elapsed 260s
game 10/100000 | learner red | ply 60 | elapsed 262s
game 10/100000 | learner red | ply 80 | elapsed 264s
game 10/100000 | learner red | ply 100 | elapsed 266s
game 10/100000 | learner red | ply 120 | elapsed 268s
game 10/100000 | learner red | ply 140 | elapsed 270s
game 10/100000 | learner red | ply 160 | elapsed 272s
game 10/100000 | learner red | ply 180 | elapsed 274s
game 10/100000 | learner red | ply 200 | elapsed 276s
game 10/100000 | learner red | ply 220 | elapsed 277s
game 10/100000 | learner red | ply 240 | elapsed 279s
game 10/100000 | learner red | ply 260 | elapsed 280s
game 10/100000 | learner red | ply 280 | elapsed 282s
game 10/100000 | learner red | ply 300 | elapsed 283s
game 10/100000 | learner red | ply 320 | elapsed 284s
game 10/100000 | learner red | ply 340 | elapsed 285s
game 10/100000 | learner red | ply 360 | elapsed 285s
game 10/100000 | learner red | ply 380 | elapsed 286s
game 10/100000 | learner red | ply 400 | elapsed 287s
game 10/100000 | learner red | ply 420 | elapsed 287s
game 10/100000 | learner red | ply 440 | elapsed 287s
SAVED 10/100000 | session W=0 L=10 capped=0 | last plies=443 | elapsed 287s
game 11/100000 | learner blue | ply 20 | elapsed 289s
game 11/100000 | learner blue | ply 40 | elapsed 292s
game 11/100000 | learner blue | ply 60 | elapsed 294s
game 11/100000 | learner blue | ply 80 | elapsed 296s
game 11/100000 | learner blue | ply 100 | elapsed 298s
game 11/100000 | learner blue | ply 120 | elapsed 300s
game 11/100000 | learner blue | ply 140 | elapsed 302s
game 11/100000 | learner blue | ply 160 | elapsed 304s
game 11/100000 | learner blue | ply 180 | elapsed 306s
game 11/100000 | learner blue | ply 200 | elapsed 308s
game 11/100000 | learner blue | ply 220 | elapsed 309s
game 11/100000 | learner blue | ply 240 | elapsed 310s
game 11/100000 | learner blue | ply 260 | elapsed 312s
game 11/100000 | learner blue | ply 280 | elapsed 313s
game 11/100000 | learner blue | ply 300 | elapsed 314s
game 11/100000 | learner blue | ply 320 | elapsed 315s
game 11/100000 | learner blue | ply 340 | elapsed 315s
game 11/100000 | learner blue | ply 360 | elapsed 316s
game 11/100000 | learner blue | ply 380 | elapsed 316s
game 11/100000 | learner blue | ply 400 | elapsed 317s
SAVED 11/100000 | session W=0 L=11 capped=0 | last plies=406 | elapsed 317s
game 12/100000 | learner red | ply 20 | elapsed 319s
game 12/100000 | learner red | ply 40 | elapsed 321s
game 12/100000 | learner red | ply 60 | elapsed 323s
game 12/100000 | learner red | ply 80 | elapsed 325s
game 12/100000 | learner red | ply 100 | elapsed 326s
game 12/100000 | learner red | ply 120 | elapsed 328s
game 12/100000 | learner red | ply 140 | elapsed 330s
game 12/100000 | learner red | ply 160 | elapsed 331s
game 12/100000 | learner red | ply 180 | elapsed 333s
game 12/100000 | learner red | ply 200 | elapsed 335s
game 12/100000 | learner red | ply 220 | elapsed 337s
game 12/100000 | learner red | ply 240 | elapsed 339s
game 12/100000 | learner red | ply 260 | elapsed 341s
game 12/100000 | learner red | ply 280 | elapsed 342s
game 12/100000 | learner red | ply 300 | elapsed 344s
game 12/100000 | learner red | ply 320 | elapsed 345s
game 12/100000 | learner red | ply 340 | elapsed 347s
game 12/100000 | learner red | ply 360 | elapsed 348s
game 12/100000 | learner red | ply 380 | elapsed 349s
game 12/100000 | learner red | ply 400 | elapsed 350s
game 12/100000 | learner red | ply 420 | elapsed 351s
game 12/100000 | learner red | ply 440 | elapsed 352s
game 12/100000 | learner red | ply 460 | elapsed 352s
game 12/100000 | learner red | ply 480 | elapsed 353s
SAVED 12/100000 | session W=0 L=12 capped=0 | last plies=485 | elapsed 353s
game 13/100000 | learner blue | ply 20 | elapsed 356s
game 13/100000 | learner blue | ply 40 | elapsed 357s
game 13/100000 | learner blue | ply 60 | elapsed 359s
game 13/100000 | learner blue | ply 80 | elapsed 360s
game 13/100000 | learner blue | ply 100 | elapsed 362s
game 13/100000 | learner blue | ply 120 | elapsed 363s
game 13/100000 | learner blue | ply 140 | elapsed 364s
game 13/100000 | learner blue | ply 160 | elapsed 365s
game 13/100000 | learner blue | ply 180 | elapsed 366s
game 13/100000 | learner blue | ply 200 | elapsed 368s
game 13/100000 | learner blue | ply 220 | elapsed 369s
game 13/100000 | learner blue | ply 240 | elapsed 370s
game 13/100000 | learner blue | ply 260 | elapsed 371s
game 13/100000 | learner blue | ply 280 | elapsed 373s
game 13/100000 | learner blue | ply 300 | elapsed 374s
game 13/100000 | learner blue | ply 320 | elapsed 375s
SAVED 13/100000 | session W=0 L=13 capped=0 | last plies=336 | elapsed 376s
game 14/100000 | learner red | ply 20 | elapsed 378s
game 14/100000 | learner red | ply 40 | elapsed 380s
game 14/100000 | learner red | ply 60 | elapsed 382s
game 14/100000 | learner red | ply 80 | elapsed 384s
game 14/100000 | learner red | ply 100 | elapsed 385s
game 14/100000 | learner red | ply 120 | elapsed 386s
game 14/100000 | learner red | ply 140 | elapsed 387s
game 14/100000 | learner red | ply 160 | elapsed 388s
game 14/100000 | learner red | ply 180 | elapsed 389s
game 14/100000 | learner red | ply 200 | elapsed 390s
game 14/100000 | learner red | ply 220 | elapsed 391s
game 14/100000 | learner red | ply 240 | elapsed 392s
game 14/100000 | learner red | ply 260 | elapsed 393s
game 14/100000 | learner red | ply 280 | elapsed 394s
game 14/100000 | learner red | ply 300 | elapsed 395s
game 14/100000 | learner red | ply 320 | elapsed 396s
game 14/100000 | learner red | ply 340 | elapsed 397s
game 14/100000 | learner red | ply 360 | elapsed 398s
game 14/100000 | learner red | ply 380 | elapsed 399s
game 14/100000 | learner red | ply 400 | elapsed 400s
SAVED 14/100000 | session W=0 L=14 capped=0 | last plies=403 | elapsed 400s
game 15/100000 | learner blue | ply 20 | elapsed 402s
game 15/100000 | learner blue | ply 40 | elapsed 405s
game 15/100000 | learner blue | ply 60 | elapsed 407s
game 15/100000 | learner blue | ply 80 | elapsed 409s
game 15/100000 | learner blue | ply 100 | elapsed 411s
game 15/100000 | learner blue | ply 120 | elapsed 413s
game 15/100000 | learner blue | ply 140 | elapsed 415s
game 15/100000 | learner blue | ply 160 | elapsed 417s
game 15/100000 | learner blue | ply 180 | elapsed 419s
game 15/100000 | learner blue | ply 200 | elapsed 421s
game 15/100000 | learner blue | ply 220 | elapsed 423s
game 15/100000 | learner blue | ply 240 | elapsed 424s
game 15/100000 | learner blue | ply 260 | elapsed 426s
game 15/100000 | learner blue | ply 280 | elapsed 426s
game 15/100000 | learner blue | ply 300 | elapsed 427s
game 15/100000 | learner blue | ply 320 | elapsed 428s
game 15/100000 | learner blue | ply 340 | elapsed 428s
game 15/100000 | learner blue | ply 360 | elapsed 428s
SAVED 15/100000 | session W=0 L=15 capped=0 | last plies=366 | elapsed 428s
game 16/100000 | learner red | ply 20 | elapsed 431s
game 16/100000 | learner red | ply 40 | elapsed 432s
game 16/100000 | learner red | ply 60 | elapsed 434s
game 16/100000 | learner red | ply 80 | elapsed 436s
game 16/100000 | learner red | ply 100 | elapsed 438s
game 16/100000 | learner red | ply 120 | elapsed 439s
game 16/100000 | learner red | ply 140 | elapsed 441s
game 16/100000 | learner red | ply 160 | elapsed 443s
game 16/100000 | learner red | ply 180 | elapsed 444s
game 16/100000 | learner red | ply 200 | elapsed 445s
game 16/100000 | learner red | ply 220 | elapsed 447s
game 16/100000 | learner red | ply 240 | elapsed 448s
game 16/100000 | learner red | ply 260 | elapsed 450s
game 16/100000 | learner red | ply 280 | elapsed 451s
game 16/100000 | learner red | ply 300 | elapsed 452s
game 16/100000 | learner red | ply 320 | elapsed 453s
game 16/100000 | learner red | ply 340 | elapsed 454s
game 16/100000 | learner red | ply 360 | elapsed 454s
game 16/100000 | learner red | ply 380 | elapsed 454s
SAVED 16/100000 | session W=0 L=16 capped=0 | last plies=387 | elapsed 454s
game 17/100000 | learner blue | ply 20 | elapsed 457s
game 17/100000 | learner blue | ply 40 | elapsed 459s
game 17/100000 | learner blue | ply 60 | elapsed 461s
game 17/100000 | learner blue | ply 80 | elapsed 463s
game 17/100000 | learner blue | ply 100 | elapsed 464s
game 17/100000 | learner blue | ply 120 | elapsed 466s
game 17/100000 | learner blue | ply 140 | elapsed 467s
game 17/100000 | learner blue | ply 160 | elapsed 469s
game 17/100000 | learner blue | ply 180 | elapsed 471s
game 17/100000 | learner blue | ply 200 | elapsed 472s
game 17/100000 | learner blue | ply 220 | elapsed 473s
game 17/100000 | learner blue | ply 240 | elapsed 475s
game 17/100000 | learner blue | ply 260 | elapsed 476s
game 17/100000 | learner blue | ply 280 | elapsed 477s
game 17/100000 | learner blue | ply 300 | elapsed 478s
game 17/100000 | learner blue | ply 320 | elapsed 479s
game 17/100000 | learner blue | ply 340 | elapsed 480s
game 17/100000 | learner blue | ply 360 | elapsed 481s
game 17/100000 | learner blue | ply 380 | elapsed 481s
game 17/100000 | learner blue | ply 400 | elapsed 482s
game 17/100000 | learner blue | ply 420 | elapsed 482s
game 17/100000 | learner blue | ply 440 | elapsed 482s
SAVED 17/100000 | session W=0 L=17 capped=0 | last plies=446 | elapsed 483s
game 18/100000 | learner red | ply 20 | elapsed 485s
game 18/100000 | learner red | ply 40 | elapsed 488s
game 18/100000 | learner red | ply 60 | elapsed 489s
game 18/100000 | learner red | ply 80 | elapsed 491s
game 18/100000 | learner red | ply 100 | elapsed 493s
game 18/100000 | learner red | ply 120 | elapsed 495s
game 18/100000 | learner red | ply 140 | elapsed 496s
game 18/100000 | learner red | ply 160 | elapsed 498s
game 18/100000 | learner red | ply 180 | elapsed 499s
game 18/100000 | learner red | ply 200 | elapsed 501s
game 18/100000 | learner red | ply 220 | elapsed 503s
game 18/100000 | learner red | ply 240 | elapsed 504s
game 18/100000 | learner red | ply 260 | elapsed 506s
game 18/100000 | learner red | ply 280 | elapsed 507s
game 18/100000 | learner red | ply 300 | elapsed 508s
game 18/100000 | learner red | ply 320 | elapsed 510s
game 18/100000 | learner red | ply 340 | elapsed 511s
SAVED 18/100000 | session W=0 L=18 capped=0 | last plies=341 | elapsed 511s
game 19/100000 | learner blue | ply 20 | elapsed 513s
game 19/100000 | learner blue | ply 40 | elapsed 515s
game 19/100000 | learner blue | ply 60 | elapsed 517s
game 19/100000 | learner blue | ply 80 | elapsed 518s
game 19/100000 | learner blue | ply 100 | elapsed 520s
game 19/100000 | learner blue | ply 120 | elapsed 522s
game 19/100000 | learner blue | ply 140 | elapsed 523s
game 19/100000 | learner blue | ply 160 | elapsed 525s
game 19/100000 | learner blue | ply 180 | elapsed 526s
game 19/100000 | learner blue | ply 200 | elapsed 528s
game 19/100000 | learner blue | ply 220 | elapsed 530s
game 19/100000 | learner blue | ply 240 | elapsed 531s
game 19/100000 | learner blue | ply 260 | elapsed 532s
game 19/100000 | learner blue | ply 280 | elapsed 533s
game 19/100000 | learner blue | ply 300 | elapsed 534s
game 19/100000 | learner blue | ply 320 | elapsed 535s
SAVED 19/100000 | session W=0 L=19 capped=0 | last plies=336 | elapsed 535s
game 20/100000 | learner red | ply 20 | elapsed 538s
game 20/100000 | learner red | ply 40 | elapsed 540s
game 20/100000 | learner red | ply 60 | elapsed 541s
game 20/100000 | learner red | ply 80 | elapsed 543s
game 20/100000 | learner red | ply 100 | elapsed 544s
game 20/100000 | learner red | ply 120 | elapsed 546s
game 20/100000 | learner red | ply 140 | elapsed 548s
game 20/100000 | learner red | ply 160 | elapsed 550s
game 20/100000 | learner red | ply 180 | elapsed 552s
game 20/100000 | learner red | ply 200 | elapsed 554s
game 20/100000 | learner red | ply 220 | elapsed 557s
game 20/100000 | learner red | ply 240 | elapsed 559s
game 20/100000 | learner red | ply 260 | elapsed 560s
game 20/100000 | learner red | ply 280 | elapsed 562s
game 20/100000 | learner red | ply 300 | elapsed 563s
game 20/100000 | learner red | ply 320 | elapsed 564s
game 20/100000 | learner red | ply 340 | elapsed 564s
game 20/100000 | learner red | ply 360 | elapsed 565s
game 20/100000 | learner red | ply 380 | elapsed 566s
game 20/100000 | learner red | ply 400 | elapsed 566s
game 20/100000 | learner red | ply 420 | elapsed 567s
game 20/100000 | learner red | ply 440 | elapsed 567s
game 20/100000 | learner red | ply 460 | elapsed 567s
SAVED 20/100000 | session W=0 L=20 capped=0 | last plies=477 | elapsed 568s
game 21/100000 | learner blue | ply 20 | elapsed 570s
game 21/100000 | learner blue | ply 40 | elapsed 573s
game 21/100000 | learner blue | ply 60 | elapsed 575s
game 21/100000 | learner blue | ply 80 | elapsed 577s
game 21/100000 | learner blue | ply 100 | elapsed 579s
game 21/100000 | learner blue | ply 120 | elapsed 580s
game 21/100000 | learner blue | ply 140 | elapsed 582s
game 21/100000 | learner blue | ply 160 | elapsed 583s
game 21/100000 | learner blue | ply 180 | elapsed 585s
game 21/100000 | learner blue | ply 200 | elapsed 586s
game 21/100000 | learner blue | ply 220 | elapsed 587s
game 21/100000 | learner blue | ply 240 | elapsed 588s
SAVED 21/100000 | session W=0 L=21 capped=0 | last plies=246 | elapsed 588s
game 22/100000 | learner red | ply 20 | elapsed 591s
game 22/100000 | learner red | ply 40 | elapsed 593s
game 22/100000 | learner red | ply 60 | elapsed 595s
game 22/100000 | learner red | ply 80 | elapsed 596s
game 22/100000 | learner red | ply 100 | elapsed 598s
game 22/100000 | learner red | ply 120 | elapsed 600s
game 22/100000 | learner red | ply 140 | elapsed 602s
game 22/100000 | learner red | ply 160 | elapsed 603s
game 22/100000 | learner red | ply 180 | elapsed 605s
game 22/100000 | learner red | ply 200 | elapsed 606s
game 22/100000 | learner red | ply 220 | elapsed 608s
game 22/100000 | learner red | ply 240 | elapsed 609s
game 22/100000 | learner red | ply 260 | elapsed 610s
game 22/100000 | learner red | ply 280 | elapsed 611s
game 22/100000 | learner red | ply 300 | elapsed 613s
game 22/100000 | learner red | ply 320 | elapsed 614s
game 22/100000 | learner red | ply 340 | elapsed 615s
game 22/100000 | learner red | ply 360 | elapsed 616s
game 22/100000 | learner red | ply 380 | elapsed 617s
game 22/100000 | learner red | ply 400 | elapsed 618s
game 22/100000 | learner red | ply 420 | elapsed 619s
game 22/100000 | learner red | ply 440 | elapsed 619s
game 22/100000 | learner red | ply 460 | elapsed 620s
SAVED 22/100000 | session W=0 L=22 capped=0 | last plies=477 | elapsed 620s
game 23/100000 | learner blue | ply 20 | elapsed 623s
game 23/100000 | learner blue | ply 40 | elapsed 625s
game 23/100000 | learner blue | ply 60 | elapsed 627s
game 23/100000 | learner blue | ply 80 | elapsed 629s
game 23/100000 | learner blue | ply 100 | elapsed 631s
game 23/100000 | learner blue | ply 120 | elapsed 633s
game 23/100000 | learner blue | ply 140 | elapsed 635s
game 23/100000 | learner blue | ply 160 | elapsed 637s
game 23/100000 | learner blue | ply 180 | elapsed 639s
game 23/100000 | learner blue | ply 200 | elapsed 641s
game 23/100000 | learner blue | ply 220 | elapsed 643s
game 23/100000 | learner blue | ply 240 | elapsed 644s
game 23/100000 | learner blue | ply 260 | elapsed 646s
game 23/100000 | learner blue | ply 280 | elapsed 647s
game 23/100000 | learner blue | ply 300 | elapsed 648s
game 23/100000 | learner blue | ply 320 | elapsed 649s
game 23/100000 | learner blue | ply 340 | elapsed 650s
game 23/100000 | learner blue | ply 360 | elapsed 651s
game 23/100000 | learner blue | ply 380 | elapsed 652s
game 23/100000 | learner blue | ply 400 | elapsed 652s
game 23/100000 | learner blue | ply 420 | elapsed 652s
game 23/100000 | learner blue | ply 440 | elapsed 653s
game 23/100000 | learner blue | ply 460 | elapsed 653s
game 23/100000 | learner blue | ply 480 | elapsed 653s
SAVED 23/100000 | session W=0 L=23 capped=0 | last plies=486 | elapsed 653s
game 24/100000 | learner red | ply 20 | elapsed 656s
game 24/100000 | learner red | ply 40 | elapsed 659s
game 24/100000 | learner red | ply 60 | elapsed 661s
game 24/100000 | learner red | ply 80 | elapsed 662s
game 24/100000 | learner red | ply 100 | elapsed 664s
game 24/100000 | learner red | ply 120 | elapsed 666s
game 24/100000 | learner red | ply 140 | elapsed 667s
game 24/100000 | learner red | ply 160 | elapsed 669s
game 24/100000 | learner red | ply 180 | elapsed 670s
game 24/100000 | learner red | ply 200 | elapsed 672s
game 24/100000 | learner red | ply 220 | elapsed 673s
game 24/100000 | learner red | ply 240 | elapsed 675s
game 24/100000 | learner red | ply 260 | elapsed 676s
game 24/100000 | learner red | ply 280 | elapsed 678s
game 24/100000 | learner red | ply 300 | elapsed 678s
game 24/100000 | learner red | ply 320 | elapsed 679s
game 24/100000 | learner red | ply 340 | elapsed 679s
SAVED 24/100000 | session W=0 L=24 capped=0 | last plies=357 | elapsed 679s
game 25/100000 | learner blue | ply 20 | elapsed 682s
game 25/100000 | learner blue | ply 40 | elapsed 683s
game 25/100000 | learner blue | ply 60 | elapsed 685s
game 25/100000 | learner blue | ply 80 | elapsed 687s
game 25/100000 | learner blue | ply 100 | elapsed 689s
game 25/100000 | learner blue | ply 120 | elapsed 690s
game 25/100000 | learner blue | ply 140 | elapsed 691s
game 25/100000 | learner blue | ply 160 | elapsed 693s
game 25/100000 | learner blue | ply 180 | elapsed 694s
game 25/100000 | learner blue | ply 200 | elapsed 695s
game 25/100000 | learner blue | ply 220 | elapsed 696s
game 25/100000 | learner blue | ply 240 | elapsed 697s
game 25/100000 | learner blue | ply 260 | elapsed 697s
game 25/100000 | learner blue | ply 280 | elapsed 698s
game 25/100000 | learner blue | ply 300 | elapsed 700s
game 25/100000 | learner blue | ply 320 | elapsed 701s
game 25/100000 | learner blue | ply 340 | elapsed 702s
game 25/100000 | learner blue | ply 360 | elapsed 703s
game 25/100000 | learner blue | ply 380 | elapsed 704s
game 25/100000 | learner blue | ply 400 | elapsed 705s
game 25/100000 | learner blue | ply 420 | elapsed 706s
game 25/100000 | learner blue | ply 440 | elapsed 707s
SAVED 25/100000 | session W=0 L=25 capped=0 | last plies=454 | elapsed 707s
game 26/100000 | learner red | ply 20 | elapsed 710s
game 26/100000 | learner red | ply 40 | elapsed 712s
game 26/100000 | learner red | ply 60 | elapsed 714s
game 26/100000 | learner red | ply 80 | elapsed 716s
game 26/100000 | learner red | ply 100 | elapsed 718s
game 26/100000 | learner red | ply 120 | elapsed 720s
game 26/100000 | learner red | ply 140 | elapsed 722s
game 26/100000 | learner red | ply 160 | elapsed 724s
game 26/100000 | learner red | ply 180 | elapsed 725s
game 26/100000 | learner red | ply 200 | elapsed 726s
game 26/100000 | learner red | ply 220 | elapsed 727s
game 26/100000 | learner red | ply 240 | elapsed 728s
game 26/100000 | learner red | ply 260 | elapsed 729s
game 26/100000 | learner red | ply 280 | elapsed 730s
game 26/100000 | learner red | ply 300 | elapsed 730s
game 26/100000 | learner red | ply 320 | elapsed 731s
game 26/100000 | learner red | ply 340 | elapsed 731s
SAVED 26/100000 | session W=0 L=26 capped=0 | last plies=345 | elapsed 731s
game 27/100000 | learner blue | ply 20 | elapsed 733s
game 27/100000 | learner blue | ply 40 | elapsed 735s
game 27/100000 | learner blue | ply 60 | elapsed 737s
game 27/100000 | learner blue | ply 80 | elapsed 740s
game 27/100000 | learner blue | ply 100 | elapsed 742s
game 27/100000 | learner blue | ply 120 | elapsed 744s
game 27/100000 | learner blue | ply 140 | elapsed 746s
game 27/100000 | learner blue | ply 160 | elapsed 747s
game 27/100000 | learner blue | ply 180 | elapsed 749s
game 27/100000 | learner blue | ply 200 | elapsed 750s
game 27/100000 | learner blue | ply 220 | elapsed 751s
game 27/100000 | learner blue | ply 240 | elapsed 752s
game 27/100000 | learner blue | ply 260 | elapsed 754s
SAVED 27/100000 | session W=0 L=27 capped=0 | last plies=266 | elapsed 754s
game 28/100000 | learner red | ply 20 | elapsed 756s
game 28/100000 | learner red | ply 40 | elapsed 758s
game 28/100000 | learner red | ply 60 | elapsed 760s
game 28/100000 | learner red | ply 80 | elapsed 761s
game 28/100000 | learner red | ply 100 | elapsed 763s
game 28/100000 | learner red | ply 120 | elapsed 764s
game 28/100000 | learner red | ply 140 | elapsed 766s
game 28/100000 | learner red | ply 160 | elapsed 767s
game 28/100000 | learner red | ply 180 | elapsed 768s
game 28/100000 | learner red | ply 200 | elapsed 770s
game 28/100000 | learner red | ply 220 | elapsed 771s
game 28/100000 | learner red | ply 240 | elapsed 773s
game 28/100000 | learner red | ply 260 | elapsed 774s
SAVED 28/100000 | session W=0 L=28 capped=0 | last plies=271 | elapsed 775s
game 29/100000 | learner blue | ply 20 | elapsed 777s
game 29/100000 | learner blue | ply 40 | elapsed 779s
game 29/100000 | learner blue | ply 60 | elapsed 781s
game 29/100000 | learner blue | ply 80 | elapsed 782s
game 29/100000 | learner blue | ply 100 | elapsed 784s
game 29/100000 | learner blue | ply 120 | elapsed 786s
game 29/100000 | learner blue | ply 140 | elapsed 788s
game 29/100000 | learner blue | ply 160 | elapsed 790s
game 29/100000 | learner blue | ply 180 | elapsed 792s
game 29/100000 | learner blue | ply 200 | elapsed 794s
game 29/100000 | learner blue | ply 220 | elapsed 795s
game 29/100000 | learner blue | ply 240 | elapsed 796s
game 29/100000 | learner blue | ply 260 | elapsed 797s
game 29/100000 | learner blue | ply 280 | elapsed 798s
game 29/100000 | learner blue | ply 300 | elapsed 799s
game 29/100000 | learner blue | ply 320 | elapsed 799s
game 29/100000 | learner blue | ply 340 | elapsed 800s
game 29/100000 | learner blue | ply 360 | elapsed 800s
SAVED 29/100000 | session W=0 L=29 capped=0 | last plies=372 | elapsed 800s
game 30/100000 | learner red | ply 20 | elapsed 802s
game 30/100000 | learner red | ply 40 | elapsed 804s
game 30/100000 | learner red | ply 60 | elapsed 807s
game 30/100000 | learner red | ply 80 | elapsed 809s
game 30/100000 | learner red | ply 100 | elapsed 810s
game 30/100000 | learner red | ply 120 | elapsed 812s
game 30/100000 | learner red | ply 140 | elapsed 814s
game 30/100000 | learner red | ply 160 | elapsed 816s
game 30/100000 | learner red | ply 180 | elapsed 817s
game 30/100000 | learner red | ply 200 | elapsed 820s
game 30/100000 | learner red | ply 220 | elapsed 822s
game 30/100000 | learner red | ply 240 | elapsed 824s
game 30/100000 | learner red | ply 260 | elapsed 826s
game 30/100000 | learner red | ply 280 | elapsed 827s
game 30/100000 | learner red | ply 300 | elapsed 829s
game 30/100000 | learner red | ply 320 | elapsed 830s
game 30/100000 | learner red | ply 340 | elapsed 831s
game 30/100000 | learner red | ply 360 | elapsed 832s
game 30/100000 | learner red | ply 380 | elapsed 833s
game 30/100000 | learner red | ply 400 | elapsed 835s
game 30/100000 | learner red | ply 420 | elapsed 835s
game 30/100000 | learner red | ply 440 | elapsed 836s
game 30/100000 | learner red | ply 460 | elapsed 836s
game 30/100000 | learner red | ply 480 | elapsed 837s
game 30/100000 | learner red | ply 500 | elapsed 837s
game 30/100000 | learner red | ply 520 | elapsed 838s
game 30/100000 | learner red | ply 540 | elapsed 838s
game 30/100000 | learner red | ply 560 | elapsed 838s
SAVED 30/100000 | session W=0 L=30 capped=0 | last plies=567 | elapsed 838s
game 31/100000 | learner blue | ply 20 | elapsed 841s
game 31/100000 | learner blue | ply 40 | elapsed 843s
